<?xml version="1.0" encoding="UTF-8"?>
<testsuites>
  <testsuite name="E:\Desarrollo\Hela\Alize\phpunit.xml" tests="20" assertions="30" errors="0" failures="0" skipped="0" time="0.307285">
    <testsuite name="Unit" tests="20" assertions="30" errors="0" failures="0" skipped="0" time="0.307285">
      <testsuite name="Ometra\HelaAlize\Tests\Unit\Console\ReconcileDailyFilesTest" file="E:\Desarrollo\Hela\Alize\tests\Unit\Console\ReconcileDailyFilesTest.php" tests="1" assertions="1" errors="0" failures="0" skipped="0" time="0.172816">
        <testcase name="it_reconciles_daily_files" file="E:\Desarrollo\Hela\Alize\tests\Unit\Console\ReconcileDailyFilesTest.php" line="20" class="Ometra\HelaAlize\Tests\Unit\Console\ReconcileDailyFilesTest" classname="Ometra.HelaAlize.Tests.Unit.Console.ReconcileDailyFilesTest" assertions="1" time="0.172816"/>
      </testsuite>
      <testsuite name="Ometra\HelaAlize\Tests\Unit\Orchestration\StateOrchestratorTest" file="E:\Desarrollo\Hela\Alize\tests\Unit\Orchestration\StateOrchestratorTest.php" tests="1" assertions="1" errors="0" failures="0" skipped="0" time="0.030668">
        <testcase name="itDispatchesEventOnTransition" file="E:\Desarrollo\Hela\Alize\tests\Unit\Orchestration\StateOrchestratorTest.php" line="23" class="Ometra\HelaAlize\Tests\Unit\Orchestration\StateOrchestratorTest" classname="Ometra.HelaAlize.Tests.Unit.Orchestration.StateOrchestratorTest" assertions="1" time="0.030668"/>
      </testsuite>
      <testsuite name="Ometra\HelaAlize\Tests\Unit\Services\HelaAlizeServiceTest" file="E:\Desarrollo\Hela\Alize\tests\Unit\Services\HelaAlizeServiceTest.php" tests="1" assertions="1" errors="0" failures="0" skipped="0" time="0.010215">
        <testcase name="it_initiates_portation_via_handler" file="E:\Desarrollo\Hela\Alize\tests\Unit\Services\HelaAlizeServiceTest.php" line="19" class="Ometra\HelaAlize\Tests\Unit\Services\HelaAlizeServiceTest" classname="Ometra.HelaAlize.Tests.Unit.Services.HelaAlizeServiceTest" assertions="1" time="0.010215"/>
      </testsuite>
      <testsuite name="Ometra\HelaAlize\Tests\Unit\Support\PortIdGeneratorTest" file="E:\Desarrollo\Hela\Alize\tests\Unit\Support\PortIdGeneratorTest.php" tests="10" assertions="14" errors="0" failures="0" skipped="0" time="0.054710">
        <testcase name="it_generates_valid_port_id_with_correct_length" file="E:\Desarrollo\Hela\Alize\tests\Unit\Support\PortIdGeneratorTest.php" line="21" class="Ometra\HelaAlize\Tests\Unit\Support\PortIdGeneratorTest" classname="Ometra.HelaAlize.Tests.Unit.Support.PortIdGeneratorTest" assertions="1" time="0.005213"/>
        <testcase name="it_generates_port_id_with_correct_format" file="E:\Desarrollo\Hela\Alize\tests\Unit\Support\PortIdGeneratorTest.php" line="29" class="Ometra\HelaAlize\Tests\Unit\Support\PortIdGeneratorTest" classname="Ometra.HelaAlize.Tests.Unit.Support.PortIdGeneratorTest" assertions="1" time="0.006259"/>
        <testcase name="it_starts_with_provided_ida" file="E:\Desarrollo\Hela\Alize\tests\Unit\Support\PortIdGeneratorTest.php" line="38" class="Ometra\HelaAlize\Tests\Unit\Support\PortIdGeneratorTest" classname="Ometra.HelaAlize.Tests.Unit.Support.PortIdGeneratorTest" assertions="1" time="0.005265"/>
        <testcase name="it_validates_correct_port_id" file="E:\Desarrollo\Hela\Alize\tests\Unit\Support\PortIdGeneratorTest.php" line="46" class="Ometra\HelaAlize\Tests\Unit\Support\PortIdGeneratorTest" classname="Ometra.HelaAlize.Tests.Unit.Support.PortIdGeneratorTest" assertions="1" time="0.004790"/>
        <testcase name="it_rejects_invalid_length" file="E:\Desarrollo\Hela\Alize\tests\Unit\Support\PortIdGeneratorTest.php" line="54" class="Ometra\HelaAlize\Tests\Unit\Support\PortIdGeneratorTest" classname="Ometra.HelaAlize.Tests.Unit.Support.PortIdGeneratorTest" assertions="2" time="0.005888"/>
        <testcase name="it_rejects_invalid_format" file="E:\Desarrollo\Hela\Alize\tests\Unit\Support\PortIdGeneratorTest.php" line="61" class="Ometra\HelaAlize\Tests\Unit\Support\PortIdGeneratorTest" classname="Ometra.HelaAlize.Tests.Unit.Support.PortIdGeneratorTest" assertions="2" time="0.005673"/>
        <testcase name="it_extracts_ida_correctly" file="E:\Desarrollo\Hela\Alize\tests\Unit\Support\PortIdGeneratorTest.php" line="68" class="Ometra\HelaAlize\Tests\Unit\Support\PortIdGeneratorTest" classname="Ometra.HelaAlize.Tests.Unit.Support.PortIdGeneratorTest" assertions="1" time="0.005117"/>
        <testcase name="it_extracts_timestamp_correctly" file="E:\Desarrollo\Hela\Alize\tests\Unit\Support\PortIdGeneratorTest.php" line="76" class="Ometra\HelaAlize\Tests\Unit\Support\PortIdGeneratorTest" classname="Ometra.HelaAlize.Tests.Unit.Support.PortIdGeneratorTest" assertions="2" time="0.006105"/>
        <testcase name="it_extracts_sequence_correctly" file="E:\Desarrollo\Hela\Alize\tests\Unit\Support\PortIdGeneratorTest.php" line="87" class="Ometra\HelaAlize\Tests\Unit\Support\PortIdGeneratorTest" classname="Ometra.HelaAlize.Tests.Unit.Support.PortIdGeneratorTest" assertions="1" time="0.005211"/>
        <testcase name="it_generates_with_custom_datetime" file="E:\Desarrollo\Hela\Alize\tests\Unit\Support\PortIdGeneratorTest.php" line="95" class="Ometra\HelaAlize\Tests\Unit\Support\PortIdGeneratorTest" classname="Ometra.HelaAlize.Tests.Unit.Support.PortIdGeneratorTest" assertions="2" time="0.005188"/>
      </testsuite>
      <testsuite name="Ometra\HelaAlize\Tests\Unit\Support\StateTransitionTest" file="E:\Desarrollo\Hela\Alize\tests\Unit\Support\StateTransitionTest.php" tests="7" assertions="13" errors="0" failures="0" skipped="0" time="0.038876">
        <testcase name="it_allows_valid_transition_from_initial_to_port_requested" file="E:\Desarrollo\Hela\Alize\tests\Unit\Support\StateTransitionTest.php" line="22" class="Ometra\HelaAlize\Tests\Unit\Support\StateTransitionTest" classname="Ometra.HelaAlize.Tests.Unit.Support.StateTransitionTest" assertions="1" time="0.005898"/>
        <testcase name="it_allows_valid_transition_from_port_requested_to_ready" file="E:\Desarrollo\Hela\Alize\tests\Unit\Support\StateTransitionTest.php" line="33" class="Ometra\HelaAlize\Tests\Unit\Support\StateTransitionTest" classname="Ometra.HelaAlize.Tests.Unit.Support.StateTransitionTest" assertions="1" time="0.004979"/>
        <testcase name="it_rejects_invalid_transition" file="E:\Desarrollo\Hela\Alize\tests\Unit\Support\StateTransitionTest.php" line="44" class="Ometra\HelaAlize\Tests\Unit\Support\StateTransitionTest" classname="Ometra.HelaAlize.Tests.Unit.Support.StateTransitionTest" assertions="1" time="0.004689"/>
        <testcase name="it_rejects_transition_from_terminal_state" file="E:\Desarrollo\Hela\Alize\tests\Unit\Support\StateTransitionTest.php" line="55" class="Ometra\HelaAlize\Tests\Unit\Support\StateTransitionTest" classname="Ometra.HelaAlize.Tests.Unit.Support.StateTransitionTest" assertions="2" time="0.006061"/>
        <testcase name="it_allows_cancellation_from_valid_states" file="E:\Desarrollo\Hela\Alize\tests\Unit\Support\StateTransitionTest.php" line="74" class="Ometra\HelaAlize\Tests\Unit\Support\StateTransitionTest" classname="Ometra.HelaAlize.Tests.Unit.Support.StateTransitionTest" assertions="3" time="0.004994"/>
        <testcase name="it_throws_exception_on_invalid_transition" file="E:\Desarrollo\Hela\Alize\tests\Unit\Support\StateTransitionTest.php" line="91" class="Ometra\HelaAlize\Tests\Unit\Support\StateTransitionTest" classname="Ometra.HelaAlize.Tests.Unit.Support.StateTransitionTest" assertions="2" time="0.005456"/>
        <testcase name="it_returns_allowed_next_states" file="E:\Desarrollo\Hela\Alize\tests\Unit\Support\StateTransitionTest.php" line="103" class="Ometra\HelaAlize\Tests\Unit\Support\StateTransitionTest" classname="Ometra.HelaAlize.Tests.Unit.Support.StateTransitionTest" assertions="3" time="0.006800"/>
      </testsuite>
    </testsuite>
  </testsuite>
</testsuites>
